Start R3 ipditm=independent_learners: 2026-03-23 21:12:07
E0323 21:16:09.187523   77047 ptx_compiler_helpers.cc:154] *** WARNING *** Invoking ptxas with version 12.6.77, which corresponds to a CUDA version <=12.6.2. CUDA versions 12.x.y up to and including 12.6.2 miscompile certain edge cases around clamping.
Please upgrade to CUDA 12.6.3 or newer.
/home/lichenqi/pax_env_py3.11.5/lib/python3.11/site-packages/hydra/_internal/hydra.py:119: UserWarning: Future Hydra versions will no longer change working directory at job runtime by default.
See https://hydra.cc/docs/1.2/upgrades/1.1_to_1.2/changes_to_job_working_dir/ for more information.
  ret = run_job(
Jax backend: gpu
[2026-03-23 21:16:15,473][root][INFO] - => Global setup ...
wandb: WARNING `start_method` is deprecated and will be removed in a future version of wandb. This setting is currently non-functional and safely ignored.
wandb: WARNING Using a boolean value for 'reinit' is deprecated. Use 'return_previous' or 'finish_previous' instead.
wandb: Tracking run with wandb version 0.24.0
wandb: W&B syncing is set to `offline` in this directory. Run `wandb online` or set WANDB_MODE=online to enable cloud syncing.
wandb: Run data is saved locally in /localscratch/lichenqi.29196010.0/wandb/wandb/offline-run-20260323_211618-56uv6uoz
run name run-seed-0
run id 56uv6uoz
[2026-03-23 21:16:53,259][root][INFO] - => Done in 37.786 s
[2026-03-23 21:16:53,259][root][INFO] - 
[2026-03-23 21:16:53,261][root][INFO] - => Env setup ...
[2026-03-23 21:16:53,289][root][INFO] - Env Type: InTheMatrix | Inner Episode Length: 128
[2026-03-23 21:16:53,290][root][INFO] - => Done in 29.281 ms
[2026-03-23 21:16:53,292][root][INFO] - 
[2026-03-23 21:16:53,295][root][INFO] - => Agent setup ...
[2026-03-23 21:17:04,595][root][INFO] - Agent Pair: [<pax.agents.ppo.ppo_gru.PPO object at 0x152e33f2a690>, <pax.agents.ppo.ppo_gru.PPO object at 0x152acab57a10>]
[2026-03-23 21:17:04,613][root][INFO] - Agent seeds: [0, 1]
[2026-03-23 21:17:04,613][root][INFO] - => Done in 11.318 s
[2026-03-23 21:17:04,613][root][INFO] - 
[2026-03-23 21:17:04,613][root][INFO] - => Watcher setup ...
[2026-03-23 21:17:04,614][root][INFO] - => Done in 257.730 us
[2026-03-23 21:17:04,614][root][INFO] - 
[2026-03-23 21:17:04,614][root][INFO] - => Runner setup ...
ParameterReshaper: 4 devices detected. Please make sure that the ES population size divides evenly across the number of devices to pmap/parallelize over.
ParameterReshaper: 11464 parameters detected for optimization.
[2026-03-23 21:17:04,717][root][INFO] - Evolution Strategy: OpenES
Time to Compile Jax Methods: 2.617743968963623 Seconds
[2026-03-23 21:17:07,336][root][INFO] - => Done in 2.723 s
[2026-03-23 21:17:07,340][root][INFO] - 
Number of Training Iterations: 10000.0
Running evo
Training
------------------------------
Number of Generations: 10000.0
Number of Meta Episodes: 1
Population Size: 128
Number of Environments: 50
Number of Opponent: 1
Log Interval: 10.0
------------------------------
Error executing job with overrides: ['+experiment/ipditm=independent_learners', 'seed=0', '++num_devices=4']
Traceback (most recent call last):
  File "/home/lichenqi/pax/pax/experiment.py", line 961, in main
    runner.run_loop(env_params, agent_pair, args.num_iters, watchers)
  File "/home/lichenqi/pax/pax/runners/runner_evo.py", line 485, in run_loop
    log = es_logging.initialize()
          ^^^^^^^^^^^^^^^^^^^^^^^
  File "/home/lichenqi/pax/pax/watchers/__init__.py", line 243, in initialize
    "log_top_1": jnp.zeros(self.num_generations)
                 ^^^^^^^^^^^^^^^^^^^^^^^^^^^^^^^
  File "/home/lichenqi/pax_env_py3.11.5/lib/python3.11/site-packages/jax/_src/numpy/array_creation.py", line 91, in zeros
    shape = canonicalize_shape(shape)
            ^^^^^^^^^^^^^^^^^^^^^^^^^
  File "/home/lichenqi/pax_env_py3.11.5/lib/python3.11/site-packages/jax/_src/numpy/array_creation.py", line 43, in canonicalize_shape
    return core.canonicalize_shape((shape,), context)
           ^^^^^^^^^^^^^^^^^^^^^^^^^^^^^^^^^^^^^^^^^^
TypeError: Shapes must be 1D sequences of concrete values of integer type, got (10000.0,).
--------------------
For simplicity, JAX has removed its internal frames from the traceback of the following exception. Set JAX_TRACEBACK_FILTERING=off to include these.

Set the environment variable HYDRA_FULL_ERROR=1 for a complete stack trace.
[1;34mwandb[0m: 
[1;34mwandb[0m: You can sync this run to the cloud by running:
[1;34mwandb[0m: [1mwandb sync /localscratch/lichenqi.29196010.0/wandb/wandb/offline-run-20260323_211618-56uv6uoz[0m
[1;34mwandb[0m: Find logs at: [1;35m../../../localscratch/lichenqi.29196010.0/wandb/wandb/offline-run-20260323_211618-56uv6uoz/logs[0m
End R3 ipditm=independent_learners: 2026-03-23 21:17:09
Elapsed: 302 seconds
>>> RECORD the final 'Average Reward per Timestep: (r1, r2)' for Phase 2b <<<
